2025-11-06 18:48:28.476 INFO: ===========VERIFYING SETTINGS===========
2025-11-06 18:48:28.476 WARNING: All of hidden_irreps, num_channels and max_L are specified
2025-11-06 18:48:28.476 WARNING: Using num_channels and max_L to create hidden_irreps: 128x0e+128x1o.
2025-11-06 18:48:28.476 INFO: Stage Two is activated as start_stage_two was defined
2025-11-06 18:48:28.477 INFO: MACE version: 0.3.14
2025-11-06 18:48:28.477 DEBUG: Configuration: Namespace(config=None, name='MACE_Ag_mlp', seed=1, work_dir='.', log_dir='./logs', model_dir='.', checkpoints_dir='/home/ubuntu/Downloads/mace-kan/checkpoints', results_dir='./results', downloads_dir='./downloads', device='cuda', default_dtype='float64', distributed=False, launcher='slurm', log_level='INFO', plot=True, plot_frequency=0, plot_interaction_e=False, error_table='PerAtomMAE', model='MACE', r_max=6.0, radial_type='bessel', num_radial_basis=8, num_cutoff_basis=5, pair_repulsion=True, distance_transform='Agnesi', apply_cutoff=True, use_last_readout_only=False, use_embedding_readout=False, interaction='RealAgnosticResidualInteractionBlock', interaction_first='RealAgnosticResidualInteractionBlock', max_ell=3, correlation=2, use_reduced_cg=False, use_so3=False, use_agnostic_product=False, num_interactions=2, MLP_irreps='16x0e', radial_MLP='[64, 64, 64]', hidden_irreps=128x0e+128x1o, edge_irreps=None, num_channels=128, max_L=1, gate='silu', scaling='rms_forces_scaling', avg_num_neighbors=1, compute_avg_num_neighbors=True, compute_stress=True, compute_forces=True, compute_polarizability=False, compute_atomic_dipole=False, train_file='/home/ubuntu/PycharmProjects/mace/ag/Ag-train.xyz', valid_file='/home/ubuntu/PycharmProjects/mace/ag/Ag-valid.xyz', valid_fraction=0.1, test_file='/home/ubuntu/PycharmProjects/mace/ag/Ag-test.xyz', test_dir=None, multi_processed_test=False, num_workers=4, pin_memory=True, atomic_numbers='[47]', mean=None, std=None, statistics_file=None, les_arguments=None, E0s='{47: -2.670131299573519}', pseudolabel_replay=False, foundation_filter_elements=True, heads=None, multiheads_finetuning=True, foundation_head=None, weight_pt_head=1.0, real_pt_data_ratio_threshold=0.1, num_samples_pt=10000, force_mh_ft_lr=False, subselect_pt='random', filter_type_pt='none', allow_random_padding_pt=True, pt_train_file=None, pt_valid_file=None, foundation_model_elements=False, keep_isolated_atoms=False, energy_key='dft_energy', forces_key='dft_forces', virials_key='REF_virials', stress_key='stress', dipole_key='dipole', polarizability_key='polarizability', head_key='head', charges_key='REF_charges', elec_temp_key='elec_temp', total_spin_key='total_spin', total_charge_key='total_charge', embedding_specs=None, skip_evaluate_heads='pt_head', use_mil_pooling=True, mil_d_attn=16, mil_dropout=0.1, kan_readout=False, kaf_readout=False, librakan_readout=False, edge_librakan=False, node_librakan=False, kaf_F=128, kaf_dropout=0.0, kaf_use_layernorm=False, kaf_base_activation='gelu', kaf_activation_expectation=1.64, kaf_hidden=None, libra_F=512, libra_spectral_scale=1.0, libra_es_beta=6.0, libra_es_fmax=None, libra_lambda_init=0.01, libra_lambda_trainable=True, libra_l1_alpha=0.0003, libra_dropout=0.0, libra_base_activation='gelu', libra_use_layernorm=False, readout_hidden=None, loss='universal', forces_weight=10.0, swa_forces_weight=50.0, energy_weight=1.0, swa_energy_weight=1.0, virials_weight=1.0, swa_virials_weight=10.0, stress_weight=10.0, swa_stress_weight=10.0, dipole_weight=1.0, swa_dipole_weight=1.0, swa_polarizability_weight=1.0, polarizability_weight=1.0, config_type_weights='{"Default":1.0}', huber_delta=0.01, optimizer='adam', beta=0.9, batch_size=4, valid_batch_size=4, lr=0.008, swa_lr=0.001, weight_decay=1e-08, amsgrad=True, scheduler='ReduceLROnPlateau', lr_factor=0.5, scheduler_patience=5, lr_scheduler_gamma=0.9993, swa=True, start_swa=30, lbfgs=False, ema=True, ema_decay=0.99999, max_num_epochs=100, patience=40, foundation_model=None, foundation_model_readout=True, eval_interval=1, keep_checkpoints=True, save_all_checkpoints=True, restart_latest=False, save_cpu=True, clip_grad=100.0, dry_run=False, enable_cueq=False, only_cueq=False, enable_oeq=False, wandb=False, wandb_dir=None, wandb_project='', wandb_entity='', wandb_name='', wandb_log_hypers=['num_channels', 'max_L', 'correlation', 'lr', 'swa_lr', 'weight_decay', 'batch_size', 'max_num_epochs', 'start_swa', 'energy_weight', 'forces_weight'], key_specification=KeySpecification(info_keys={'energy': 'dft_energy', 'stress': 'stress', 'virials': 'REF_virials', 'dipole': 'dipole', 'head': 'head', 'elec_temp': 'elec_temp', 'total_charge': 'total_charge', 'polarizability': 'polarizability', 'total_spin': 'total_spin'}, arrays_keys={'forces': 'dft_forces', 'charges': 'REF_charges'}))
2025-11-06 18:48:28.509 INFO: CUDA version: 11.8, CUDA device: 0
2025-11-06 18:48:28.538 DEBUG: Popen(['git', 'version'], cwd=/home/ubuntu/PycharmProjects/mace, stdin=None, shell=False, universal_newlines=False)
2025-11-06 18:48:28.541 DEBUG: Popen(['git', 'version'], cwd=/home/ubuntu/PycharmProjects/mace, stdin=None, shell=False, universal_newlines=False)
2025-11-06 18:48:28.543 DEBUG: sys.platform='linux', git_executable='git'
2025-11-06 18:48:28.543 DEBUG: Popen(['git', 'cat-file', '--batch-check'], cwd=/home/ubuntu/PycharmProjects/mace, stdin=<valid stream>, shell=False, universal_newlines=False)
2025-11-06 18:48:28.545 DEBUG: Current Git commit: d3e7a5be5145d12ff10bfe4298c7217446747645
2025-11-06 18:48:28.545 INFO: ===========LOADING INPUT DATA===========
2025-11-06 18:48:28.545 INFO: Using heads: ['Default']
2025-11-06 18:48:28.545 INFO: Using the key specifications to parse data:
2025-11-06 18:48:28.545 INFO: Default: KeySpecification(info_keys={'energy': 'dft_energy', 'stress': 'stress', 'virials': 'REF_virials', 'dipole': 'dipole', 'head': 'head', 'elec_temp': 'elec_temp', 'total_charge': 'total_charge', 'polarizability': 'polarizability', 'total_spin': 'total_spin'}, arrays_keys={'forces': 'dft_forces', 'charges': 'REF_charges'})
2025-11-06 18:48:28.545 INFO: =============    Processing head Default     ===========
2025-11-06 18:48:28.545 DEBUG: Loading training file: /home/ubuntu/PycharmProjects/mace/ag/Ag-train.xyz
2025-11-06 18:48:28.993 WARNING: Since ASE version 3.23.0b1, using stress_key 'stress' is no longer safe when communicating between MACE and ASE. We recommend using a different key, rewriting 'stress' to 'REF_stress'. You need to use --stress_key='REF_stress' to specify the chosen key name.
2025-11-06 18:48:29.027 INFO: Training set 1/1 [energy: 927, stress: 928, virials: 0, dipole components: 0, head: 928, elec_temp: 0, total_charge: 0, polarizability: 0, total_spin: 0, forces: 927, charges: 0]
2025-11-06 18:48:29.031 INFO: Total Training set [energy: 927, stress: 928, virials: 0, dipole components: 0, head: 928, elec_temp: 0, total_charge: 0, polarizability: 0, total_spin: 0, forces: 927, charges: 0]
2025-11-06 18:48:29.097 WARNING: Since ASE version 3.23.0b1, using stress_key 'stress' is no longer safe when communicating between MACE and ASE. We recommend using a different key, rewriting 'stress' to 'REF_stress'. You need to use --stress_key='REF_stress' to specify the chosen key name.
2025-11-06 18:48:29.101 INFO: Validation set 1/1 [energy: 115, stress: 115, virials: 0, dipole components: 0, head: 115, elec_temp: 0, total_charge: 0, polarizability: 0, total_spin: 0, forces: 115, charges: 0]
2025-11-06 18:48:29.102 INFO: Total Validation set [energy: 115, stress: 115, virials: 0, dipole components: 0, head: 115, elec_temp: 0, total_charge: 0, polarizability: 0, total_spin: 0, forces: 115, charges: 0]
2025-11-06 18:48:29.166 WARNING: Since ASE version 3.23.0b1, using stress_key 'stress' is no longer safe when communicating between MACE and ASE. We recommend using a different key, rewriting 'stress' to 'REF_stress'. You need to use --stress_key='REF_stress' to specify the chosen key name.
2025-11-06 18:48:29.171 INFO: Test set 1/1 [energy: 116, stress: 116, virials: 0, dipole components: 0, head: 116, elec_temp: 0, total_charge: 0, polarizability: 0, total_spin: 0, forces: 116, charges: 0]
2025-11-06 18:48:29.171 INFO: Total Test set [energy: 116, stress: 116, virials: 0, dipole components: 0, head: 116, elec_temp: 0, total_charge: 0, polarizability: 0, total_spin: 0, forces: 116, charges: 0]
2025-11-06 18:48:29.171 INFO: Total number of configurations: train=928, valid=115, tests=[sp_Default: 116],
2025-11-06 18:48:29.172 INFO: Using atomic numbers from command line argument
2025-11-06 18:48:29.172 INFO: Atomic Numbers used: [47]
2025-11-06 18:48:29.172 INFO: Isolated Atomic Energies (E0s) not in training file, using command line argument
2025-11-06 18:48:29.172 INFO: Atomic Energies used (z: eV) for head Default: {47: -2.670131299573519}
2025-11-06 18:48:29.172 INFO: Processing datasets for head 'Default'
2025-11-06 18:48:31.087 DEBUG: Successfully loaded dataset from ASE files: ['/home/ubuntu/PycharmProjects/mace/ag/Ag-train.xyz']
2025-11-06 18:48:31.087 INFO: Combining 1 list datasets for head 'Default'
2025-11-06 18:48:31.326 DEBUG: Successfully loaded validation dataset from ASE files: ['/home/ubuntu/PycharmProjects/mace/ag/Ag-valid.xyz']
2025-11-06 18:48:31.326 INFO: Combining 1 list datasets for head 'Default_valid'
2025-11-06 18:48:31.326 INFO: Combined validation datasets for Default
2025-11-06 18:48:31.326 INFO: Head 'Default' training dataset size: 928
2025-11-06 18:48:31.327 INFO: Computing average number of neighbors
2025-11-06 18:48:36.494 INFO: Average number of neighbors: 49.59964750748287
2025-11-06 18:48:36.495 INFO: HEADS used: ['Default']
2025-11-06 18:48:36.495 INFO: During training the following quantities will be reported: energy, forces, stress
2025-11-06 18:48:36.496 INFO: ===========MODEL DETAILS===========
2025-11-06 18:48:39.527 INFO: Building model
2025-11-06 18:48:39.527 INFO: Message passing with 128 channels and max_L=1 (128x0e+128x1o)
2025-11-06 18:48:39.527 INFO: 2 layers, each with correlation order: 2 (body order: 3) and spherical harmonics up to: l=3
2025-11-06 18:48:39.528 INFO: 8 radial and 5 basis functions
2025-11-06 18:48:39.528 INFO: Radial cutoff: 6.0 A (total receptive field for each atom: 12.0 A)
2025-11-06 18:48:39.528 INFO: Distance transform for radial basis functions: Agnesi
2025-11-06 18:48:39.528 INFO: Hidden irreps: 128x0e+128x1o
2025-11-06 18:48:40.665 DEBUG: ScaleShiftMACE(
  (node_embedding): LinearNodeEmbeddingBlock(
    (linear): Linear(1x0e -> 128x0e | 128 weights)
  )
  (radial_embedding): RadialEmbeddingBlock(
    (bessel_fn): BesselBasis(r_max=6.0, num_basis=8, trainable=False)
    (distance_transform): AgnesiTransform(a=1.0805, q=0.9183, p=4.5791)
    (cutoff_fn): PolynomialCutoff(p=5, r_max=6.0)
  )
  (pair_repulsion_fn): ZBLBasis(c=tensor([0.1818, 0.5099, 0.2802, 0.0282], device='cuda:0'))
  (spherical_harmonics): SphericalHarmonics()
  (atomic_energies_fn): AtomicEnergiesBlock(energies=[[-2.6701]])
  (interactions): ModuleList(
    (0): RealAgnosticInteractionBlock(
      (linear_up): Linear(128x0e -> 128x0e | 16384 weights)
      (conv_tp): TensorProduct(128x0e x 1x0e+1x1o+1x2e+1x3o -> 128x0e+128x1o+128x2e+128x3o | 512 paths | 512 weights)
      (conv_tp_weights): FullyConnectedNet[8, 64, 64, 64, 512]
      (linear): Linear(128x0e+128x1o+128x2e+128x3o -> 128x0e+128x1o+128x2e+128x3o | 65536 weights)
      (skip_tp): FullyConnectedTensorProduct(128x0e+128x1o+128x2e+128x3o x 1x0e -> 128x0e+128x1o+128x2e+128x3o | 65536 paths | 65536 weights)
      (reshape): reshape_irreps()
    )
    (1): RealAgnosticResidualInteractionBlock(
      (linear_up): Linear(128x0e+128x1o -> 128x0e+128x1o | 32768 weights)
      (conv_tp): TensorProduct(128x0e+128x1o x 1x0e+1x1o+1x2e+1x3o -> 256x0e+384x1o+384x2e+256x3o | 1280 paths | 1280 weights)
      (conv_tp_weights): FullyConnectedNet[8, 64, 64, 64, 1280]
      (linear): Linear(128x0e+128x0e+128x1o+128x1o+128x1o+128x2e+128x2e+128x2e+128x3o+128x3o -> 128x0e+128x1o+128x2e+128x3o | 163840 weights)
      (skip_tp): FullyConnectedTensorProduct(128x0e+128x1o x 1x0e -> 128x0e | 16384 paths | 16384 weights)
      (reshape): reshape_irreps()
    )
  )
  (products): ModuleList(
    (0): EquivariantProductBasisBlock(
      (symmetric_contractions): SymmetricContraction(
        (contractions): ModuleList(
          (0-1): 2 x Contraction(
            (contractions_weighting): ModuleList(
              (0): GraphModule()
            )
            (contractions_features): ModuleList(
              (0): GraphModule()
            )
            (weights): ParameterList(  (0): Parameter containing: [torch.float64 of size 1x1x128 (cuda:0)])
            (graph_opt_main): GraphModule()
          )
        )
      )
      (linear): Linear(128x0e+128x1o -> 128x0e+128x1o | 32768 weights)
    )
    (1): EquivariantProductBasisBlock(
      (symmetric_contractions): SymmetricContraction(
        (contractions): ModuleList(
          (0): Contraction(
            (contractions_weighting): ModuleList(
              (0): GraphModule()
            )
            (contractions_features): ModuleList(
              (0): GraphModule()
            )
            (weights): ParameterList(  (0): Parameter containing: [torch.float64 of size 1x1x128 (cuda:0)])
            (graph_opt_main): GraphModule()
          )
        )
      )
      (linear): Linear(128x0e -> 128x0e | 16384 weights)
    )
  )
  (readouts): ModuleList(
    (0): LinearReadoutBlock(
      (linear): Linear(128x0e+128x1o -> 1x0e | 128 weights)
    )
    (1): NonLinearReadoutBlock(
      (linear_1): Linear(128x0e -> 16x0e | 2048 weights)
      (non_linearity): Activation [x] (16x0e -> 16x0e)
      (linear_2): Linear(16x0e -> 1x0e | 16 weights)
    )
  )
  (mil_pre_norm): LayerNorm((128,), eps=1e-06, elementwise_affine=True)
  (mil_readout): ConjunctivePooling(
    (to_scalars): Linear(128x0e -> 128x0e | 16384 weights)
    (attention_head): Sequential(
      (0): Linear(in_features=128, out_features=16, bias=True)
      (1): Tanh()
      (2): Linear(in_features=16, out_features=1, bias=True)
      (3): Sigmoid()
    )
    (instance_classifier): Linear(in_features=128, out_features=1, bias=True)
    (dropout): Dropout(p=0.1, inplace=False)
  )
  (scale_shift): ScaleShiftBlock(scale=0.7495, shift=0.0000)
  (mil_norm): Identity()
)
2025-11-06 18:48:40.673 INFO: Total number of parameters: 565043
2025-11-06 18:48:40.673 INFO: 
2025-11-06 18:48:40.673 INFO: ===========OPTIMIZER INFORMATION===========
2025-11-06 18:48:40.673 INFO: Using ADAM as parameter optimizer
2025-11-06 18:48:40.673 INFO: Batch size: 4
2025-11-06 18:48:40.673 INFO: Using Exponential Moving Average with decay: 0.99999
2025-11-06 18:48:40.673 INFO: Number of gradient updates: 23200
2025-11-06 18:48:40.674 INFO: Learning rate: 0.008, weight decay: 1e-08
2025-11-06 18:48:40.674 INFO: UniversalLoss(energy_weight=1.000, forces_weight=10.000, stress_weight=10.000)
2025-11-06 18:48:40.674 INFO: Stage Two (after 30 epochs) with loss function: UniversalLoss(energy_weight=1.000, forces_weight=50.000, stress_weight=10.000), with energy weight : 1.0, forces weight : 50.0, stress weight : 10.0 and learning rate : 0.001
2025-11-06 18:48:40.773 INFO: Using gradient clipping with tolerance=100.000
2025-11-06 18:48:40.774 INFO: 
2025-11-06 18:48:40.774 INFO: ===========TRAINING===========
2025-11-06 18:48:40.774 INFO: ===========MIXER CONFIG===========
2025-11-06 18:48:40.774 INFO: Readout: NonLinearReadoutBlock  [kan=OFF | kaf=OFF | libra=OFF]
2025-11-06 18:48:40.774 INFO: Interaction MLPs: node_librakan=OFF, edge_librakan=OFF
2025-11-06 18:48:40.774 INFO: ==================================
2025-11-06 18:48:40.774 INFO: Started training, reporting errors on validation set
2025-11-06 18:48:40.774 INFO: Loss metrics on validation set
2025-11-06 18:48:52.058 INFO: Initial: head: Default, loss=0.01611318, RMSE_E_per_atom=  248.58 meV, RMSE_F=  787.39 meV / A, RMSE_stress=   12.45 meV / A^3
